// Jest Snapshot v1, https://goo.gl/fbAQLP

exports[`optimizeSvg should optimize exist svg file 1`] = `
{
  "/tmp/svg/pin.svg": "<svg xmlns="http://www.w3.org/2000/svg" viewBox="0 0 24 24" fill="green">
    <path fill-rule="evenodd" d="m8.063 15.611.57.57c-.293.293-4.046 3.94-4.046 3.94a.75.75 0 0 1-1.061-1.06l3.995-3.991.542.541Z" clip-rule="evenodd"/>
    <path fill-rule="evenodd" d="M14.885 4.554a1.038 1.038 0 0 0-1.598.158l-1.982 2.974c-.35.525-.884.901-1.497 1.055L4.86 9.978a.144.144 0 0 0-.067.241l8.495 8.495a.144.144 0 0 0 .241-.067l1.237-4.95a2.538 2.538 0 0 1 1.055-1.495l2.974-1.983a1.038 1.038 0 0 0 .158-1.598l-4.067-4.067ZM13.9 2.762a2.538 2.538 0 0 1 2.044.731l4.068 4.068a2.538 2.538 0 0 1-.387 3.906l-2.974 1.983a1.038 1.038 0 0 0-.431.612l-1.238 4.949a1.644 1.644 0 0 1-2.757.764L8.633 16.18l-.556-.556-.556-.555-3.79-3.79a1.644 1.644 0 0 1 .764-2.757l4.95-1.238c.25-.062.468-.216.611-.43L12.04 3.88c.669-.864 1.105-1.043 1.862-1.118Z" clip-rule="evenodd"/>
</svg>
",
}
`;

exports[`optimizeSvg should optimize exist svg file 2`] = `
{
  "/tmp/svg/pin.svg": "<svg xmlns="http://www.w3.org/2000/svg" viewBox="0 0 24 24">
    <path fill-rule="evenodd" d="m8.063 15.611.57.57c-.293.293-4.046 3.94-4.046 3.94a.75.75 0 0 1-1.061-1.06l3.995-3.991.542.541Z" clip-rule="evenodd"/>
    <path fill-rule="evenodd" d="M14.885 4.554a1.038 1.038 0 0 0-1.598.158l-1.982 2.974c-.35.525-.884.901-1.497 1.055L4.86 9.978a.144.144 0 0 0-.067.241l8.495 8.495a.144.144 0 0 0 .241-.067l1.237-4.95a2.538 2.538 0 0 1 1.055-1.495l2.974-1.983a1.038 1.038 0 0 0 .158-1.598l-4.067-4.067ZM13.9 2.762a2.538 2.538 0 0 1 2.044.731l4.068 4.068a2.538 2.538 0 0 1-.387 3.906l-2.974 1.983a1.038 1.038 0 0 0-.431.612l-1.238 4.949a1.644 1.644 0 0 1-2.757.764L8.633 16.18l-.556-.556-.556-.555-3.79-3.79a1.644 1.644 0 0 1 .764-2.757l4.95-1.238c.25-.062.468-.216.611-.43L12.04 3.88c.669-.864 1.105-1.043 1.862-1.118Z" clip-rule="evenodd"/>
</svg>
",
}
`;

exports[`optimizeSvg should optimize svg with a custom config 1`] = `
{
  "/tmp/svg/pin.svg": "<svg xmlns="http://www.w3.org/2000/svg" viewBox="0 0 24 24" fill="green"><path fill-rule="evenodd" d="m8.063 15.611.57.57c-.293.293-4.046 3.94-4.046 3.94a.75.75 0 0 1-1.061-1.06l3.995-3.991.542.541Z" clip-rule="evenodd"/><path fill-rule="evenodd" d="M14.885 4.554a1.038 1.038 0 0 0-1.598.158l-1.982 2.974c-.35.525-.884.901-1.497 1.055L4.86 9.978a.144.144 0 0 0-.067.241l8.495 8.495a.144.144 0 0 0 .241-.067l1.237-4.95a2.538 2.538 0 0 1 1.055-1.495l2.974-1.983a1.038 1.038 0 0 0 .158-1.598l-4.067-4.067ZM13.9 2.762a2.538 2.538 0 0 1 2.044.731l4.068 4.068a2.538 2.538 0 0 1-.387 3.906l-2.974 1.983a1.038 1.038 0 0 0-.431.612l-1.238 4.949a1.644 1.644 0 0 1-2.757.764L8.633 16.18l-.556-.556-.556-.555-3.79-3.79a1.644 1.644 0 0 1 .764-2.757l4.95-1.238c.25-.062.468-.216.611-.43L12.04 3.88c.669-.864 1.105-1.043 1.862-1.118Z" clip-rule="evenodd"/></svg>",
}
`;
