// Jest Snapshot v1, https://goo.gl/fbAQLP

exports[`writeFile writes test data into a new file 1`] = `
{
  "/ui/theme/file-name.js": "
    module.exports = {
      a: 1,
      b: 2,
      c: 3,
    };
    ",
}
`;
