// Jest Snapshot v1, https://goo.gl/fbAQLP

exports[`generateIcons should download and write svg icons 1`] = `
{
  "/tmp/svg/pin.svg": "<svg xmlns="http://www.w3.org/2000/svg" viewBox="0 0 24 24" fill="green">
    <path fill-rule="evenodd" d="m8.063 15.611.57.57c-.293.293-4.046 3.94-4.046 3.94a.75.75 0 0 1-1.061-1.06l3.995-3.991.542.541Z" clip-rule="evenodd"/>
    <path fill-rule="evenodd" d="M14.885 4.554a1.038 1.038 0 0 0-1.598.158l-1.982 2.974c-.35.525-.884.901-1.497 1.055L4.86 9.978a.144.144 0 0 0-.067.241l8.495 8.495a.144.144 0 0 0 .241-.067l1.237-4.95a2.538 2.538 0 0 1 1.055-1.495l2.974-1.983a1.038 1.038 0 0 0 .158-1.598l-4.067-4.067ZM13.9 2.762a2.538 2.538 0 0 1 2.044.731l4.068 4.068a2.538 2.538 0 0 1-.387 3.906l-2.974 1.983a1.038 1.038 0 0 0-.431.612l-1.238 4.949a1.644 1.644 0 0 1-2.757.764L8.633 16.18l-.556-.556-.556-.555-3.79-3.79a1.644 1.644 0 0 1 .764-2.757l4.95-1.238c.25-.062.468-.216.611-.43L12.04 3.88c.669-.864 1.105-1.043 1.862-1.118Z" clip-rule="evenodd"/>
</svg>
",
  "/tmp/svg/profile.svg": "<svg xmlns="http://www.w3.org/2000/svg" viewBox="0 0 24 24">
    <path fill-rule="evenodd" d="M13.945 5.055a2.75 2.75 0 1 0-3.89 3.89 2.75 2.75 0 0 0 3.89-3.89Zm-4.95-1.06a4.25 4.25 0 1 1 6.01 6.01 4.25 4.25 0 0 1-6.01-6.01ZM6.105 14.22c1.627-.947 3.762-1.463 5.895-1.463 2.133 0 4.268.516 5.895 1.463 1.621.944 2.855 2.397 2.855 4.279v1A1.75 1.75 0 0 1 19 21.25H5a1.75 1.75 0 0 1-1.75-1.75v-1c0-1.882 1.234-3.335 2.855-4.279Zm.754 1.296c-1.367.796-2.109 1.839-2.109 2.983v1c0 .138.112.25.25.25h14a.25.25 0 0 0 .25-.25v-1c0-1.144-.742-2.187-2.11-2.983-1.36-.792-3.225-1.259-5.14-1.259-1.915 0-3.78.467-5.14 1.26Z" clip-rule="evenodd"/>
</svg>
",
  "/tmp/svg/settings.svg": "<svg xmlns="http://www.w3.org/2000/svg" viewBox="0 0 24 24">
    <path fill-rule="evenodd" d="M9.72 4.914a.558.558 0 0 0-.644-.105l-.55.275a.563.563 0 0 0-.31.489l-.018.836A2.058 2.058 0 0 1 6.14 8.423h-.837a.559.559 0 0 0-.53.382l-.194.584a.558.558 0 0 0 .128.564l.58.606c.774.808.76 2.087-.031 2.879l-.592.592a.558.558 0 0 0-.105.644l.275.55a.559.559 0 0 0 .487.308l.838.018a2.058 2.058 0 0 1 2.014 2.058v.837c0 .24.154.453.382.53m0 0 .583.194a.558.558 0 0 0 .564-.127l.606-.58a2.059 2.059 0 0 1 2.879.032l.592.592c.17.17.429.212.644.104l.55-.275a.558.558 0 0 0 .308-.486l.018-.839a2.058 2.058 0 0 1 2.058-2.014h.837a.56.56 0 0 0 .53-.382l.194-.583a.558.558 0 0 0-.127-.563l-.58-.606a2.059 2.059 0 0 1 .032-2.88l.592-.591c.17-.17.212-.43.104-.644l-.275-.55a.558.558 0 0 0-.486-.309l-.839-.018a2.058 2.058 0 0 1-2.014-2.058v-.837a.559.559 0 0 0-.382-.53l-.583-.193a.56.56 0 0 0-.564.126l-.605.579a2.059 2.059 0 0 1-2.88-.031l-.591-.592M8.405 3.467a2.058 2.058 0 0 1 2.376.386l.592.592a.558.558 0 0 0 .78.008l.607-.58a2.06 2.06 0 0 1 2.075-.464l.582.194a2.06 2.06 0 0 1 1.408 1.952v.837c0 .305.243.552.546.558l.838.018a2.059 2.059 0 0 1 1.797 1.138l.275.55a2.06 2.06 0 0 1-.385 2.376l-.592.592a.558.558 0 0 0-.009.78l.58.607c.528.551.708 1.349.466 2.074l-.194.583a2.06 2.06 0 0 1-1.953 1.408h-.837a.557.557 0 0 0-.558.546l-.018.838a2.059 2.059 0 0 1-1.137 1.797l-.55.275a2.06 2.06 0 0 1-2.376-.385l-.592-.592a.559.559 0 0 0-.781-.009l-.606.58a2.058 2.058 0 0 1-2.075.466l-.583-.194a2.06 2.06 0 0 1-1.408-1.953v-.837a.557.557 0 0 0-.546-.558l-.837-.018a2.06 2.06 0 0 1-1.798-1.137l-.275-.55a2.058 2.058 0 0 1 .386-2.376l.592-.592a.559.559 0 0 0 .008-.781l-.58-.606a2.058 2.058 0 0 1-.466-2.076l.194-.583a2.06 2.06 0 0 1 1.952-1.408h.837a.557.557 0 0 0 .558-.546l.018-.84a2.063 2.063 0 0 1 1.139-1.795l.55-.275Zm4.58 7.296a1.75 1.75 0 1 0-2.474 2.474 1.75 1.75 0 0 0 2.475-2.474ZM9.45 9.703a3.25 3.25 0 1 1 4.596 4.595A3.25 3.25 0 0 1 9.45 9.702Z" clip-rule="evenodd"/>
</svg>
",
  "/tmp/svg/sidebar-notifications.svg": "<svg xmlns="http://www.w3.org/2000/svg" viewBox="0 0 24 24">
    <path fill-rule="evenodd" d="M16.455 4.587A6.296 6.296 0 0 0 5.706 9.041v3.431l-1.038 1.04h-.001a2.757 2.757 0 0 0-.813 1.95l.75.001-.75.003a2.65 2.65 0 0 0 2.651 2.642l10.997.003a2.65 2.65 0 0 0 2.65-2.643l-.75-.002h.75a2.756 2.756 0 0 0-.81-1.95l-.002-.001-1.038-1.04V9.041c0-1.67-.665-3.273-1.847-4.454ZM12 4.247v-.75.75a4.796 4.796 0 0 1 4.802 4.794v3.745c0 .199.079.39.22.53l1.259 1.26.002.002c.236.235.369.554.37.887a1.15 1.15 0 0 1-1.15 1.146h-.001l-10.997-.003a1.15 1.15 0 0 1-1.15-1.145c0-.333.134-.653.37-.887l.002-.002 1.26-1.26a.75.75 0 0 0 .22-.531V9.042A4.796 4.796 0 0 1 12 4.245Zm-1.48 15.506a.75.75 0 0 0 0 1.5h2.959a.75.75 0 1 0 0-1.5H10.52Z" clip-rule="evenodd"/>
</svg>
",
  "/tmp/svg/unpin.svg": "<svg xmlns="http://www.w3.org/2000/svg" viewBox="0 0 24 24">
    <path fill-rule="evenodd" d="m16.247 4.052 3.7 3.7a2.751 2.751 0 0 1-.419 4.234l-1.648 1.1a.75.75 0 1 1-.832-1.248l1.648-1.1a1.25 1.25 0 0 0 .19-1.925l-3.7-3.7a1.25 1.25 0 0 0-1.925.19l-1.099 1.65a.75.75 0 0 1-1.248-.833l1.1-1.648a2.751 2.751 0 0 1 4.233-.42Zm-11.28-.085a.75.75 0 0 1 1.06 0L9.983 7.92a.746.746 0 0 1 .017.02L16.06 14a.952.952 0 0 1 .02.02l4.454 4.454a.75.75 0 0 1-1.061 1.06l-3.526-3.526-.8 3.197a1.75 1.75 0 0 1-2.935.813l-3.584-3.584-4.101 4.1a.75.75 0 0 1-1.06-1.06l4.1-4.1-3.584-3.585a1.75 1.75 0 0 1 .813-2.936l3.197-.799-3.026-3.026a.75.75 0 0 1 0-1.06ZM9.23 9.29l-4.07 1.018a.25.25 0 0 0-.116.42l8.228 8.228a.25.25 0 0 0 .42-.116l1.018-4.07-5.48-5.48Z" clip-rule="evenodd"/>
</svg>
",
}
`;

exports[`generateIcons should download and write svg icons with custom icon name 1`] = `
{
  "/tmp/svg/pin_extra.svg": "<svg xmlns="http://www.w3.org/2000/svg" viewBox="0 0 24 24" fill="green">
    <path fill-rule="evenodd" d="m8.063 15.611.57.57c-.293.293-4.046 3.94-4.046 3.94a.75.75 0 0 1-1.061-1.06l3.995-3.991.542.541Z" clip-rule="evenodd"/>
    <path fill-rule="evenodd" d="M14.885 4.554a1.038 1.038 0 0 0-1.598.158l-1.982 2.974c-.35.525-.884.901-1.497 1.055L4.86 9.978a.144.144 0 0 0-.067.241l8.495 8.495a.144.144 0 0 0 .241-.067l1.237-4.95a2.538 2.538 0 0 1 1.055-1.495l2.974-1.983a1.038 1.038 0 0 0 .158-1.598l-4.067-4.067ZM13.9 2.762a2.538 2.538 0 0 1 2.044.731l4.068 4.068a2.538 2.538 0 0 1-.387 3.906l-2.974 1.983a1.038 1.038 0 0 0-.431.612l-1.238 4.949a1.644 1.644 0 0 1-2.757.764L8.633 16.18l-.556-.556-.556-.555-3.79-3.79a1.644 1.644 0 0 1 .764-2.757l4.95-1.238c.25-.062.468-.216.611-.43L12.04 3.88c.669-.864 1.105-1.043 1.862-1.118Z" clip-rule="evenodd"/>
</svg>
",
  "/tmp/svg/profile_extra.svg": "<svg xmlns="http://www.w3.org/2000/svg" viewBox="0 0 24 24">
    <path fill-rule="evenodd" d="M13.945 5.055a2.75 2.75 0 1 0-3.89 3.89 2.75 2.75 0 0 0 3.89-3.89Zm-4.95-1.06a4.25 4.25 0 1 1 6.01 6.01 4.25 4.25 0 0 1-6.01-6.01ZM6.105 14.22c1.627-.947 3.762-1.463 5.895-1.463 2.133 0 4.268.516 5.895 1.463 1.621.944 2.855 2.397 2.855 4.279v1A1.75 1.75 0 0 1 19 21.25H5a1.75 1.75 0 0 1-1.75-1.75v-1c0-1.882 1.234-3.335 2.855-4.279Zm.754 1.296c-1.367.796-2.109 1.839-2.109 2.983v1c0 .138.112.25.25.25h14a.25.25 0 0 0 .25-.25v-1c0-1.144-.742-2.187-2.11-2.983-1.36-.792-3.225-1.259-5.14-1.259-1.915 0-3.78.467-5.14 1.26Z" clip-rule="evenodd"/>
</svg>
",
  "/tmp/svg/settings_extra.svg": "<svg xmlns="http://www.w3.org/2000/svg" viewBox="0 0 24 24">
    <path fill-rule="evenodd" d="M9.72 4.914a.558.558 0 0 0-.644-.105l-.55.275a.563.563 0 0 0-.31.489l-.018.836A2.058 2.058 0 0 1 6.14 8.423h-.837a.559.559 0 0 0-.53.382l-.194.584a.558.558 0 0 0 .128.564l.58.606c.774.808.76 2.087-.031 2.879l-.592.592a.558.558 0 0 0-.105.644l.275.55a.559.559 0 0 0 .487.308l.838.018a2.058 2.058 0 0 1 2.014 2.058v.837c0 .24.154.453.382.53m0 0 .583.194a.558.558 0 0 0 .564-.127l.606-.58a2.059 2.059 0 0 1 2.879.032l.592.592c.17.17.429.212.644.104l.55-.275a.558.558 0 0 0 .308-.486l.018-.839a2.058 2.058 0 0 1 2.058-2.014h.837a.56.56 0 0 0 .53-.382l.194-.583a.558.558 0 0 0-.127-.563l-.58-.606a2.059 2.059 0 0 1 .032-2.88l.592-.591c.17-.17.212-.43.104-.644l-.275-.55a.558.558 0 0 0-.486-.309l-.839-.018a2.058 2.058 0 0 1-2.014-2.058v-.837a.559.559 0 0 0-.382-.53l-.583-.193a.56.56 0 0 0-.564.126l-.605.579a2.059 2.059 0 0 1-2.88-.031l-.591-.592M8.405 3.467a2.058 2.058 0 0 1 2.376.386l.592.592a.558.558 0 0 0 .78.008l.607-.58a2.06 2.06 0 0 1 2.075-.464l.582.194a2.06 2.06 0 0 1 1.408 1.952v.837c0 .305.243.552.546.558l.838.018a2.059 2.059 0 0 1 1.797 1.138l.275.55a2.06 2.06 0 0 1-.385 2.376l-.592.592a.558.558 0 0 0-.009.78l.58.607c.528.551.708 1.349.466 2.074l-.194.583a2.06 2.06 0 0 1-1.953 1.408h-.837a.557.557 0 0 0-.558.546l-.018.838a2.059 2.059 0 0 1-1.137 1.797l-.55.275a2.06 2.06 0 0 1-2.376-.385l-.592-.592a.559.559 0 0 0-.781-.009l-.606.58a2.058 2.058 0 0 1-2.075.466l-.583-.194a2.06 2.06 0 0 1-1.408-1.953v-.837a.557.557 0 0 0-.546-.558l-.837-.018a2.06 2.06 0 0 1-1.798-1.137l-.275-.55a2.058 2.058 0 0 1 .386-2.376l.592-.592a.559.559 0 0 0 .008-.781l-.58-.606a2.058 2.058 0 0 1-.466-2.076l.194-.583a2.06 2.06 0 0 1 1.952-1.408h.837a.557.557 0 0 0 .558-.546l.018-.84a2.063 2.063 0 0 1 1.139-1.795l.55-.275Zm4.58 7.296a1.75 1.75 0 1 0-2.474 2.474 1.75 1.75 0 0 0 2.475-2.474ZM9.45 9.703a3.25 3.25 0 1 1 4.596 4.595A3.25 3.25 0 0 1 9.45 9.702Z" clip-rule="evenodd"/>
</svg>
",
  "/tmp/svg/sidebar-notifications_extra.svg": "<svg xmlns="http://www.w3.org/2000/svg" viewBox="0 0 24 24">
    <path fill-rule="evenodd" d="M16.455 4.587A6.296 6.296 0 0 0 5.706 9.041v3.431l-1.038 1.04h-.001a2.757 2.757 0 0 0-.813 1.95l.75.001-.75.003a2.65 2.65 0 0 0 2.651 2.642l10.997.003a2.65 2.65 0 0 0 2.65-2.643l-.75-.002h.75a2.756 2.756 0 0 0-.81-1.95l-.002-.001-1.038-1.04V9.041c0-1.67-.665-3.273-1.847-4.454ZM12 4.247v-.75.75a4.796 4.796 0 0 1 4.802 4.794v3.745c0 .199.079.39.22.53l1.259 1.26.002.002c.236.235.369.554.37.887a1.15 1.15 0 0 1-1.15 1.146h-.001l-10.997-.003a1.15 1.15 0 0 1-1.15-1.145c0-.333.134-.653.37-.887l.002-.002 1.26-1.26a.75.75 0 0 0 .22-.531V9.042A4.796 4.796 0 0 1 12 4.245Zm-1.48 15.506a.75.75 0 0 0 0 1.5h2.959a.75.75 0 1 0 0-1.5H10.52Z" clip-rule="evenodd"/>
</svg>
",
  "/tmp/svg/unpin_extra.svg": "<svg xmlns="http://www.w3.org/2000/svg" viewBox="0 0 24 24">
    <path fill-rule="evenodd" d="m16.247 4.052 3.7 3.7a2.751 2.751 0 0 1-.419 4.234l-1.648 1.1a.75.75 0 1 1-.832-1.248l1.648-1.1a1.25 1.25 0 0 0 .19-1.925l-3.7-3.7a1.25 1.25 0 0 0-1.925.19l-1.099 1.65a.75.75 0 0 1-1.248-.833l1.1-1.648a2.751 2.751 0 0 1 4.233-.42Zm-11.28-.085a.75.75 0 0 1 1.06 0L9.983 7.92a.746.746 0 0 1 .017.02L16.06 14a.952.952 0 0 1 .02.02l4.454 4.454a.75.75 0 0 1-1.061 1.06l-3.526-3.526-.8 3.197a1.75 1.75 0 0 1-2.935.813l-3.584-3.584-4.101 4.1a.75.75 0 0 1-1.06-1.06l4.1-4.1-3.584-3.585a1.75 1.75 0 0 1 .813-2.936l3.197-.799-3.026-3.026a.75.75 0 0 1 0-1.06ZM9.23 9.29l-4.07 1.018a.25.25 0 0 0-.116.42l8.228 8.228a.25.25 0 0 0 .42-.116l1.018-4.07-5.48-5.48Z" clip-rule="evenodd"/>
</svg>
",
}
`;

exports[`generateIcons should launch generation with skipIcon and skip some icons 1`] = `
{
  "/tmp/svg/profile.svg": "<svg xmlns="http://www.w3.org/2000/svg" viewBox="0 0 24 24">
    <path fill-rule="evenodd" d="M13.945 5.055a2.75 2.75 0 1 0-3.89 3.89 2.75 2.75 0 0 0 3.89-3.89Zm-4.95-1.06a4.25 4.25 0 1 1 6.01 6.01 4.25 4.25 0 0 1-6.01-6.01ZM6.105 14.22c1.627-.947 3.762-1.463 5.895-1.463 2.133 0 4.268.516 5.895 1.463 1.621.944 2.855 2.397 2.855 4.279v1A1.75 1.75 0 0 1 19 21.25H5a1.75 1.75 0 0 1-1.75-1.75v-1c0-1.882 1.234-3.335 2.855-4.279Zm.754 1.296c-1.367.796-2.109 1.839-2.109 2.983v1c0 .138.112.25.25.25h14a.25.25 0 0 0 .25-.25v-1c0-1.144-.742-2.187-2.11-2.983-1.36-.792-3.225-1.259-5.14-1.259-1.915 0-3.78.467-5.14 1.26Z" clip-rule="evenodd"/>
</svg>
",
  "/tmp/svg/settings.svg": "<svg xmlns="http://www.w3.org/2000/svg" viewBox="0 0 24 24">
    <path fill-rule="evenodd" d="M9.72 4.914a.558.558 0 0 0-.644-.105l-.55.275a.563.563 0 0 0-.31.489l-.018.836A2.058 2.058 0 0 1 6.14 8.423h-.837a.559.559 0 0 0-.53.382l-.194.584a.558.558 0 0 0 .128.564l.58.606c.774.808.76 2.087-.031 2.879l-.592.592a.558.558 0 0 0-.105.644l.275.55a.559.559 0 0 0 .487.308l.838.018a2.058 2.058 0 0 1 2.014 2.058v.837c0 .24.154.453.382.53m0 0 .583.194a.558.558 0 0 0 .564-.127l.606-.58a2.059 2.059 0 0 1 2.879.032l.592.592c.17.17.429.212.644.104l.55-.275a.558.558 0 0 0 .308-.486l.018-.839a2.058 2.058 0 0 1 2.058-2.014h.837a.56.56 0 0 0 .53-.382l.194-.583a.558.558 0 0 0-.127-.563l-.58-.606a2.059 2.059 0 0 1 .032-2.88l.592-.591c.17-.17.212-.43.104-.644l-.275-.55a.558.558 0 0 0-.486-.309l-.839-.018a2.058 2.058 0 0 1-2.014-2.058v-.837a.559.559 0 0 0-.382-.53l-.583-.193a.56.56 0 0 0-.564.126l-.605.579a2.059 2.059 0 0 1-2.88-.031l-.591-.592M8.405 3.467a2.058 2.058 0 0 1 2.376.386l.592.592a.558.558 0 0 0 .78.008l.607-.58a2.06 2.06 0 0 1 2.075-.464l.582.194a2.06 2.06 0 0 1 1.408 1.952v.837c0 .305.243.552.546.558l.838.018a2.059 2.059 0 0 1 1.797 1.138l.275.55a2.06 2.06 0 0 1-.385 2.376l-.592.592a.558.558 0 0 0-.009.78l.58.607c.528.551.708 1.349.466 2.074l-.194.583a2.06 2.06 0 0 1-1.953 1.408h-.837a.557.557 0 0 0-.558.546l-.018.838a2.059 2.059 0 0 1-1.137 1.797l-.55.275a2.06 2.06 0 0 1-2.376-.385l-.592-.592a.559.559 0 0 0-.781-.009l-.606.58a2.058 2.058 0 0 1-2.075.466l-.583-.194a2.06 2.06 0 0 1-1.408-1.953v-.837a.557.557 0 0 0-.546-.558l-.837-.018a2.06 2.06 0 0 1-1.798-1.137l-.275-.55a2.058 2.058 0 0 1 .386-2.376l.592-.592a.559.559 0 0 0 .008-.781l-.58-.606a2.058 2.058 0 0 1-.466-2.076l.194-.583a2.06 2.06 0 0 1 1.952-1.408h.837a.557.557 0 0 0 .558-.546l.018-.84a2.063 2.063 0 0 1 1.139-1.795l.55-.275Zm4.58 7.296a1.75 1.75 0 1 0-2.474 2.474 1.75 1.75 0 0 0 2.475-2.474ZM9.45 9.703a3.25 3.25 0 1 1 4.596 4.595A3.25 3.25 0 0 1 9.45 9.702Z" clip-rule="evenodd"/>
</svg>
",
  "/tmp/svg/sidebar-notifications.svg": "<svg xmlns="http://www.w3.org/2000/svg" viewBox="0 0 24 24">
    <path fill-rule="evenodd" d="M16.455 4.587A6.296 6.296 0 0 0 5.706 9.041v3.431l-1.038 1.04h-.001a2.757 2.757 0 0 0-.813 1.95l.75.001-.75.003a2.65 2.65 0 0 0 2.651 2.642l10.997.003a2.65 2.65 0 0 0 2.65-2.643l-.75-.002h.75a2.756 2.756 0 0 0-.81-1.95l-.002-.001-1.038-1.04V9.041c0-1.67-.665-3.273-1.847-4.454ZM12 4.247v-.75.75a4.796 4.796 0 0 1 4.802 4.794v3.745c0 .199.079.39.22.53l1.259 1.26.002.002c.236.235.369.554.37.887a1.15 1.15 0 0 1-1.15 1.146h-.001l-10.997-.003a1.15 1.15 0 0 1-1.15-1.145c0-.333.134-.653.37-.887l.002-.002 1.26-1.26a.75.75 0 0 0 .22-.531V9.042A4.796 4.796 0 0 1 12 4.245Zm-1.48 15.506a.75.75 0 0 0 0 1.5h2.959a.75.75 0 1 0 0-1.5H10.52Z" clip-rule="evenodd"/>
</svg>
",
}
`;

exports[`generateIcons should launch generation without skipIcon 1`] = `
{
  "/tmp/svg/pin.svg": "<svg xmlns="http://www.w3.org/2000/svg" viewBox="0 0 24 24" fill="green">
    <path fill-rule="evenodd" d="m8.063 15.611.57.57c-.293.293-4.046 3.94-4.046 3.94a.75.75 0 0 1-1.061-1.06l3.995-3.991.542.541Z" clip-rule="evenodd"/>
    <path fill-rule="evenodd" d="M14.885 4.554a1.038 1.038 0 0 0-1.598.158l-1.982 2.974c-.35.525-.884.901-1.497 1.055L4.86 9.978a.144.144 0 0 0-.067.241l8.495 8.495a.144.144 0 0 0 .241-.067l1.237-4.95a2.538 2.538 0 0 1 1.055-1.495l2.974-1.983a1.038 1.038 0 0 0 .158-1.598l-4.067-4.067ZM13.9 2.762a2.538 2.538 0 0 1 2.044.731l4.068 4.068a2.538 2.538 0 0 1-.387 3.906l-2.974 1.983a1.038 1.038 0 0 0-.431.612l-1.238 4.949a1.644 1.644 0 0 1-2.757.764L8.633 16.18l-.556-.556-.556-.555-3.79-3.79a1.644 1.644 0 0 1 .764-2.757l4.95-1.238c.25-.062.468-.216.611-.43L12.04 3.88c.669-.864 1.105-1.043 1.862-1.118Z" clip-rule="evenodd"/>
</svg>
",
  "/tmp/svg/profile.svg": "<svg xmlns="http://www.w3.org/2000/svg" viewBox="0 0 24 24">
    <path fill-rule="evenodd" d="M13.945 5.055a2.75 2.75 0 1 0-3.89 3.89 2.75 2.75 0 0 0 3.89-3.89Zm-4.95-1.06a4.25 4.25 0 1 1 6.01 6.01 4.25 4.25 0 0 1-6.01-6.01ZM6.105 14.22c1.627-.947 3.762-1.463 5.895-1.463 2.133 0 4.268.516 5.895 1.463 1.621.944 2.855 2.397 2.855 4.279v1A1.75 1.75 0 0 1 19 21.25H5a1.75 1.75 0 0 1-1.75-1.75v-1c0-1.882 1.234-3.335 2.855-4.279Zm.754 1.296c-1.367.796-2.109 1.839-2.109 2.983v1c0 .138.112.25.25.25h14a.25.25 0 0 0 .25-.25v-1c0-1.144-.742-2.187-2.11-2.983-1.36-.792-3.225-1.259-5.14-1.259-1.915 0-3.78.467-5.14 1.26Z" clip-rule="evenodd"/>
</svg>
",
  "/tmp/svg/settings.svg": "<svg xmlns="http://www.w3.org/2000/svg" viewBox="0 0 24 24">
    <path fill-rule="evenodd" d="M9.72 4.914a.558.558 0 0 0-.644-.105l-.55.275a.563.563 0 0 0-.31.489l-.018.836A2.058 2.058 0 0 1 6.14 8.423h-.837a.559.559 0 0 0-.53.382l-.194.584a.558.558 0 0 0 .128.564l.58.606c.774.808.76 2.087-.031 2.879l-.592.592a.558.558 0 0 0-.105.644l.275.55a.559.559 0 0 0 .487.308l.838.018a2.058 2.058 0 0 1 2.014 2.058v.837c0 .24.154.453.382.53m0 0 .583.194a.558.558 0 0 0 .564-.127l.606-.58a2.059 2.059 0 0 1 2.879.032l.592.592c.17.17.429.212.644.104l.55-.275a.558.558 0 0 0 .308-.486l.018-.839a2.058 2.058 0 0 1 2.058-2.014h.837a.56.56 0 0 0 .53-.382l.194-.583a.558.558 0 0 0-.127-.563l-.58-.606a2.059 2.059 0 0 1 .032-2.88l.592-.591c.17-.17.212-.43.104-.644l-.275-.55a.558.558 0 0 0-.486-.309l-.839-.018a2.058 2.058 0 0 1-2.014-2.058v-.837a.559.559 0 0 0-.382-.53l-.583-.193a.56.56 0 0 0-.564.126l-.605.579a2.059 2.059 0 0 1-2.88-.031l-.591-.592M8.405 3.467a2.058 2.058 0 0 1 2.376.386l.592.592a.558.558 0 0 0 .78.008l.607-.58a2.06 2.06 0 0 1 2.075-.464l.582.194a2.06 2.06 0 0 1 1.408 1.952v.837c0 .305.243.552.546.558l.838.018a2.059 2.059 0 0 1 1.797 1.138l.275.55a2.06 2.06 0 0 1-.385 2.376l-.592.592a.558.558 0 0 0-.009.78l.58.607c.528.551.708 1.349.466 2.074l-.194.583a2.06 2.06 0 0 1-1.953 1.408h-.837a.557.557 0 0 0-.558.546l-.018.838a2.059 2.059 0 0 1-1.137 1.797l-.55.275a2.06 2.06 0 0 1-2.376-.385l-.592-.592a.559.559 0 0 0-.781-.009l-.606.58a2.058 2.058 0 0 1-2.075.466l-.583-.194a2.06 2.06 0 0 1-1.408-1.953v-.837a.557.557 0 0 0-.546-.558l-.837-.018a2.06 2.06 0 0 1-1.798-1.137l-.275-.55a2.058 2.058 0 0 1 .386-2.376l.592-.592a.559.559 0 0 0 .008-.781l-.58-.606a2.058 2.058 0 0 1-.466-2.076l.194-.583a2.06 2.06 0 0 1 1.952-1.408h.837a.557.557 0 0 0 .558-.546l.018-.84a2.063 2.063 0 0 1 1.139-1.795l.55-.275Zm4.58 7.296a1.75 1.75 0 1 0-2.474 2.474 1.75 1.75 0 0 0 2.475-2.474ZM9.45 9.703a3.25 3.25 0 1 1 4.596 4.595A3.25 3.25 0 0 1 9.45 9.702Z" clip-rule="evenodd"/>
</svg>
",
  "/tmp/svg/sidebar-notifications.svg": "<svg xmlns="http://www.w3.org/2000/svg" viewBox="0 0 24 24">
    <path fill-rule="evenodd" d="M16.455 4.587A6.296 6.296 0 0 0 5.706 9.041v3.431l-1.038 1.04h-.001a2.757 2.757 0 0 0-.813 1.95l.75.001-.75.003a2.65 2.65 0 0 0 2.651 2.642l10.997.003a2.65 2.65 0 0 0 2.65-2.643l-.75-.002h.75a2.756 2.756 0 0 0-.81-1.95l-.002-.001-1.038-1.04V9.041c0-1.67-.665-3.273-1.847-4.454ZM12 4.247v-.75.75a4.796 4.796 0 0 1 4.802 4.794v3.745c0 .199.079.39.22.53l1.259 1.26.002.002c.236.235.369.554.37.887a1.15 1.15 0 0 1-1.15 1.146h-.001l-10.997-.003a1.15 1.15 0 0 1-1.15-1.145c0-.333.134-.653.37-.887l.002-.002 1.26-1.26a.75.75 0 0 0 .22-.531V9.042A4.796 4.796 0 0 1 12 4.245Zm-1.48 15.506a.75.75 0 0 0 0 1.5h2.959a.75.75 0 1 0 0-1.5H10.52Z" clip-rule="evenodd"/>
</svg>
",
  "/tmp/svg/unpin.svg": "<svg xmlns="http://www.w3.org/2000/svg" viewBox="0 0 24 24">
    <path fill-rule="evenodd" d="m16.247 4.052 3.7 3.7a2.751 2.751 0 0 1-.419 4.234l-1.648 1.1a.75.75 0 1 1-.832-1.248l1.648-1.1a1.25 1.25 0 0 0 .19-1.925l-3.7-3.7a1.25 1.25 0 0 0-1.925.19l-1.099 1.65a.75.75 0 0 1-1.248-.833l1.1-1.648a2.751 2.751 0 0 1 4.233-.42Zm-11.28-.085a.75.75 0 0 1 1.06 0L9.983 7.92a.746.746 0 0 1 .017.02L16.06 14a.952.952 0 0 1 .02.02l4.454 4.454a.75.75 0 0 1-1.061 1.06l-3.526-3.526-.8 3.197a1.75 1.75 0 0 1-2.935.813l-3.584-3.584-4.101 4.1a.75.75 0 0 1-1.06-1.06l4.1-4.1-3.584-3.585a1.75 1.75 0 0 1 .813-2.936l3.197-.799-3.026-3.026a.75.75 0 0 1 0-1.06ZM9.23 9.29l-4.07 1.018a.25.25 0 0 0-.116.42l8.228 8.228a.25.25 0 0 0 .42-.116l1.018-4.07-5.48-5.48Z" clip-rule="evenodd"/>
</svg>
",
}
`;
