// Jest Snapshot v1, https://goo.gl/fbAQLP

exports[`responsivePlugin should write responsive js file and run formatting tool: /export-path/responsive.ts 1`] = `
"
    /* eslint-disable max-lines */
    /* eslint-disable @typescript-eslint/naming-convention */
    export const responsiveVariants = {".box-padding-px-200":{"padding-left":"8px","padding-right":"8px","@media (min-width: 680px)":{"padding-left":"8px","padding-right":"8px"},"@media (min-width: 1024px)":{"padding-left":"8px","padding-right":"8px"},"@media (min-width: 1440px)":{"padding-left":"8px","padding-right":"8px"}},".box-padding-py-200":{"padding-top":"8px","padding-bottom":"8px","@media (min-width: 680px)":{"padding-top":"8px","padding-bottom":"8px"},"@media (min-width: 1024px)":{"padding-top":"8px","padding-bottom":"8px"},"@media (min-width: 1440px)":{"padding-top":"8px","padding-bottom":"8px"}},".box-padding-px-600":{"padding-left":"24px","padding-right":"24px","@media (min-width: 680px)":{"padding-left":"24px","padding-right":"24px"},"@media (min-width: 1024px)":{"padding-left":"24px","padding-right":"24px"},"@media (min-width: 1440px)":{"padding-left":"24px","padding-right":"24px"}},".box-padding-py-600":{"padding-top":"24px","padding-bottom":"24px","@media (min-width: 680px)":{"padding-top":"24px","padding-bottom":"24px"},"@media (min-width: 1024px)":{"padding-top":"24px","padding-bottom":"24px"},"@media (min-width: 1440px)":{"padding-top":"24px","padding-bottom":"24px"}},".box-gap-300":{"gap":"24px","@media (min-width: 680px)":{"gap":"32px"},"@media (min-width: 1024px)":{"gap":"40px"},"@media (min-width: 1440px)":{"gap":"48px"}},".box-gap-200":{"gap":"24px","@media (min-width: 680px)":{"gap":"24px"},"@media (min-width: 1024px)":{"gap":"32px"},"@media (min-width: 1440px)":{"gap":"40px"}},".box-gap-100":{"gap":"8px","@media (min-width: 680px)":{"gap":"8px"},"@media (min-width: 1024px)":{"gap":"16px"},"@media (min-width: 1440px)":{"gap":"16px"}},".box-gap-100-negative":{"gap":"-8px","@media (min-width: 680px)":{"gap":"-8px"},"@media (min-width: 1024px)":{"gap":"-8px"},"@media (min-width: 1440px)":{"gap":"-8px"}},".box-gap-200-negative":{"gap":"-16px","@media (min-width: 680px)":{"gap":"-16px"},"@media (min-width: 1024px)":{"gap":"-24px"},"@media (min-width: 1440px)":{"gap":"-24px"}},".box-max-width-100":{"max-width":"400px","@media (min-width: 680px)":{"max-width":"400px"},"@media (min-width: 1024px)":{"max-width":"400px"},"@media (min-width: 1440px)":{"max-width":"400px"}},".box-min-width-100":{"min-width":"240px","@media (min-width: 680px)":{"min-width":"240px"},"@media (min-width: 1024px)":{"min-width":"240px"},"@media (min-width: 1440px)":{"min-width":"240px"}},".box-min-width-200":{"min-width":"320px","@media (min-width: 680px)":{"min-width":"320px"},"@media (min-width: 1024px)":{"min-width":"320px"},"@media (min-width: 1440px)":{"min-width":"320px"}},".box-min-width-300":{"min-width":"400px","@media (min-width: 680px)":{"min-width":"400px"},"@media (min-width: 1024px)":{"min-width":"400px"},"@media (min-width: 1440px)":{"min-width":"400px"}},".box-max-width-200":{"max-width":"600px","@media (min-width: 680px)":{"max-width":"600px"},"@media (min-width: 1024px)":{"max-width":"600px"},"@media (min-width: 1440px)":{"max-width":"600px"}},".box-max-width-300":{"max-width":"800px","@media (min-width: 680px)":{"max-width":"800px"},"@media (min-width: 1024px)":{"max-width":"800px"},"@media (min-width: 1440px)":{"max-width":"800px"}},".container-padding-px-600":{"padding-left":"16px","padding-right":"16px","@media (min-width: 680px)":{"padding-left":"24px","padding-right":"24px"},"@media (min-width: 1024px)":{"padding-left":"40px","padding-right":"40px"},"@media (min-width: 1440px)":{"padding-left":"80px","padding-right":"80px"}},".container-padding-py-600":{"padding-top":"16px","padding-bottom":"16px","@media (min-width: 680px)":{"padding-top":"24px","padding-bottom":"24px"},"@media (min-width: 1024px)":{"padding-top":"40px","padding-bottom":"40px"},"@media (min-width: 1440px)":{"padding-top":"80px","padding-bottom":"80px"}},".container-padding-px-200":{"padding-left":"16px","padding-right":"16px","@media (min-width: 680px)":{"padding-left":"24px","padding-right":"24px"},"@media (min-width: 1024px)":{"padding-left":"24px","padding-right":"24px"},"@media (min-width: 1440px)":{"padding-left":"24px","padding-right":"24px"}},".container-padding-py-200":{"padding-top":"16px","padding-bottom":"16px","@media (min-width: 680px)":{"padding-top":"24px","padding-bottom":"24px"},"@media (min-width: 1024px)":{"padding-top":"24px","padding-bottom":"24px"},"@media (min-width: 1440px)":{"padding-top":"24px","padding-bottom":"24px"}},".container-gap-100":{"gap":"16px","@media (min-width: 680px)":{"gap":"24px"},"@media (min-width: 1024px)":{"gap":"40px"},"@media (min-width: 1440px)":{"gap":"80px"}},".container-gap-100-negative":{"gap":"-40px","@media (min-width: 680px)":{"gap":"-40px"},"@media (min-width: 1024px)":{"gap":"-40px"},"@media (min-width: 1440px)":{"gap":"-40px"}},".container-max-width-100":{"max-width":"679px","@media (min-width: 680px)":{"max-width":"1023px"},"@media (min-width: 1024px)":{"max-width":"1439px"},"@media (min-width: 1440px)":{"max-width":"1920px"}},".container-min-width-100":{"min-width":"320px","@media (min-width: 680px)":{"min-width":"680px"},"@media (min-width: 1024px)":{"min-width":"1024px"},"@media (min-width: 1440px)":{"min-width":"1440px"}},".section-padding-px-100":{"padding-left":"24px","padding-right":"24px","@media (min-width: 680px)":{"padding-left":"32px","padding-right":"32px"},"@media (min-width: 1024px)":{"padding-left":"64px","padding-right":"64px"},"@media (min-width: 1440px)":{"padding-left":"80px","padding-right":"80px"}},".section-padding-py-100":{"padding-top":"24px","padding-bottom":"24px","@media (min-width: 680px)":{"padding-top":"32px","padding-bottom":"32px"},"@media (min-width: 1024px)":{"padding-top":"0px","padding-bottom":"0px"},"@media (min-width: 1440px)":{"padding-top":"0px","padding-bottom":"0px"}},".section-padding-py-700":{"padding-top":"80px","padding-bottom":"80px","@media (min-width: 680px)":{"padding-top":"80px","padding-bottom":"80px"},"@media (min-width: 1024px)":{"padding-top":"120px","padding-bottom":"120px"},"@media (min-width: 1440px)":{"padding-top":"120px","padding-bottom":"120px"}},".section-gap-100":{"gap":"24px","@media (min-width: 680px)":{"gap":"32px"},"@media (min-width: 1024px)":{"gap":"0px"},"@media (min-width: 1440px)":{"gap":"0px"}},".section-min-height-100vh":{"0":"0","1":"p","2":"x","@media (min-width: 680px)":"0px","@media (min-width: 1024px)":"0px","@media (min-width: 1440px)":"0px"},".screens-padding-px-100":{"padding-left":"24px","padding-right":"24px","@media (min-width: 680px)":{"padding-left":"24px","padding-right":"24px"},"@media (min-width: 1024px)":{"padding-left":"80px","padding-right":"80px"},"@media (min-width: 1440px)":{"padding-left":"120px","padding-right":"120px"}},".screens-padding-py-100":{"padding-top":"24px","padding-bottom":"24px","@media (min-width: 680px)":{"padding-top":"24px","padding-bottom":"24px"},"@media (min-width: 1024px)":{"padding-top":"80px","padding-bottom":"80px"},"@media (min-width: 1440px)":{"padding-top":"120px","padding-bottom":"120px"}}};
    "
`;

exports[`responsivePlugin should write screens js file and run formatting tool: /export-path/screens.ts 1`] = `
"
    /* eslint-disable max-lines */
    /* eslint-disable @typescript-eslint/naming-convention */
    export const screens = {"bs":"320px","sm":"680px","md":"1024px","lg":"1440px","xl":"1024px","2xl":"1440px"};
    "
`;
